// Jest Snapshot v1, https://goo.gl/fbAQLP

exports[`Link renders correctly 1`] = `
<div
  className="hello"
>
  <h1
    data-test-id="asdfasdf"
  >
    Howdy!!
  </h1>
  <h2>
    Bye
  </h2>
  <p>
    Congratulations! You have created your first React component!
  </p>
</div>
`;
